Arshit@LAPTOP-756GT520 MINGW64 ~/OneDrive/Desktop/scm (
$ git init
Initialized empty Git repository in C:/Users/Arshit/OneDrive/Desktop/scm/.git/

Arshit@LAPTOP-756GT520 MINGW64 ~/OneDrive/Desktop/scm (master)
$ git config --global user.name
Arshit

Arshit@LAPTOP-756GT520 MINGW64 ~/OneDrive/Desktop/scm (master)
$ touch.txt
bash: touch.txt: command not found

Arshit@LAPTOP-756GT520 MINGW64 ~/OneDrive/Desktop/scm (master)
$ touch file1.txt

Arshit@LAPTOP-756GT520 MINGW64 ~/OneDrive/Desktop/scm (master)
$ git add .

Arshit@LAPTOP-756GT520 MINGW64 ~/OneDrive/Desktop/scm (master)
$ git commit -m "initial commit"
[master (root-commit) 20fd508] initial commit
 1 file changed, 0 insertions(+), 0 deletions(-)
 create mode 100644 file1.txt

Arshit@LAPTOP-756GT520 MINGW64 ~/OneDrive/Desktop/scm (master)
$ touch file2.txt

Arshit@LAPTOP-756GT520 MINGW64 ~/OneDrive/Desktop/scm (master)
$ git add .

Arshit@LAPTOP-756GT520 MINGW64 ~/OneDrive/Desktop/scm (master)
$ git commit -m "file2 added"
[master b713d93] file2 added
 1 file changed, 0 insertions(+), 0 deletions(-)
 create mode 100644 file2.txt

Arshit@LAPTOP-756GT520 MINGW64 ~/OneDrive/Desktop/scm (master)
$ git remote add origin https://github.com/Arshit0278/scm-final-.git

Arshit@LAPTOP-756GT520 MINGW64 ~/OneDrive/Desktop/scm (master)
$ git push -u origin master
Enumerating objects: 5, done.
Counting objects: 100% (5/5), done.
Delta compression using up to 12 threads
Compressing objects: 100% (3/3), done.
Writing objects: 100% (5/5), 424 bytes | 212.00 KiB/s, done.
Total 5 (delta 0), reused 0 (delta 0), pack-reused 0
To https://github.com/Arshit0278/scm-final-.git
 * [new branch]      master -> master
branch 'master' set up to track 'origin/master'.

Arshit@LAPTOP-756GT520 MINGW64 ~/OneDrive/Desktop/scm (master)
$
